// 重构日志: e654e9e9
// 重构日志: 47805455
// 同步 ID: e9e55f08 @ Sun Jul 12 21:33:39 UTC 2026
// 重构日志: be51de29
// 重构日志: 6e1e6272
// 重构日志: 66a63337
// 同步 ID: eaf156d7 @ Wed Jul 15 18:01:34 UTC 2026
// 重构日志: 71fef694
// 同步 ID: 72b44283 @ Thu Jul 16 17:35:56 UTC 2026
// 重构日志: 1670b7a9
// 重构日志: 667cf2d1
// 同步 ID: a1b3efca @ Sat Jul 18 08:59:44 UTC 2026
// 同步 ID: 081190e2 @ Sat Jul 18 12:57:52 UTC 2026
// 同步 ID: 95a7bd5a @ Sun Jul 19 00:42:25 UTC 2026
// 同步 ID: 45cfbf77 @ Sun Jul 19 14:29:18 UTC 2026
// 重构日志: f8a151d3
// 重构日志: b2810aae
// 重构日志: 0ac5b49a
// 重构日志: ddc7530b
// 重构日志: 574ad5c5
// 重构日志: 5002d347
// 重构日志: eb672612
// 重构日志: 0b4dc956
// 同步 ID: ab366df0 @ Fri Jul 24 12:45:19 UTC 2026
// 同步 ID: 61ce19a3 @ Fri Jul 24 16:32:44 UTC 2026
// 重构日志: dd2520ce
// 重构日志: bc4e38a9
// 同步 ID: ad5b177a @ Sat Jul 25 01:09:37 UTC 2026
// 重构日志: f9f2c2c7
// 同步 ID: af08cdd6 @ Sat Jul 25 14:05:36 UTC 2026
